     = Success
         (ModelProto_constructor
            (Some
               (Byte.x00, Byte.x00, Byte.x00, Byte.x00, Byte.x00, Byte.x00,
               Byte.x00, Byte.x04))
            (OperatorSetIdProto_constructor None
               (Some
                  (Byte.x00, Byte.x00, Byte.x00, Byte.x00, Byte.x00,
                  Byte.x00, Byte.x00, Byte.x09)) :: nil) 
            (Some """pytorch""") (Some """1.11.0""") None None None
            (Some
               (GraphProto_constructor
                  (NodeProto_constructor
                     ("""onnx::Gemm_0"""
                      :: """net.0.weight""" :: """net.0.bias""" :: nil)
                     ("""input""" :: nil) (Some """Gemm_0""")
                     (Some """Gemm""") None None
                     (AttributeProto_constructor (Some """alpha""") None None
                        (Some FLOAT_AttributeProto)
                        (Some
                           (Binary.B754_finite
                              (BinNums.Zpos
                                 (BinNums.xO
                                    (BinNums.xO
                                       (BinNums.xO (BinNums.xI BinNums.xH)))))
                              (BinNums.Zpos
                                 (BinNums.xO
                                    (BinNums.xO
                                       (BinNums.xO
                                          (BinNums.xO
                                             (BinNums.xO
                                                (BinNums.xO
                                                 (BinNums.xO BinNums.xH))))))))
                              false
                              (BinNums.xO
                                 (BinNums.xO
                                    (BinNums.xO
                                       (BinNums.xO
                                          (BinNums.xO
                                             (BinNums.xO
                                                (BinNums.xO
                                                 (BinNums.xO
                                                 (BinNums.xO
                                                 (BinNums.xO
                                                 (BinNums.xO
                                                 (BinNums.xO
                                                 (BinNums.xO
                                                 (BinNums.xO (BinNums.xO ...)))))))))))))))
                              (BinNums.Zneg
                                 (BinNums.xI
                                    (BinNums.xI
                                       (BinNums.xI (BinNums.xO BinNums.xH)))))
                              (proj1
                                 (BinarySingleNaN.binary_round_correct
                                    (BinNums.Zpos
                                       (BinNums.xO
                                          (BinNums.xO
                                             (BinNums.xO
                                                (BinNums.xI BinNums.xH)))))
                                    (BinNums.Zpos
                                       (BinNums.xO
                                          (BinNums.xO
                                             (BinNums.xO
                                                (BinNums.xO
                                                 (BinNums.xO
                                                 (BinNums.xO
                                                 (BinNums.xO BinNums.xH))))))))
                                    eq_refl eq_refl BinarySingleNaN.mode_NE
                                    false BinNums.xH BinNums.Z0)))) None None
                        None None None nil nil nil nil nil nil
                      :: AttributeProto_constructor 
                           (Some """beta""") None None
                           (Some FLOAT_AttributeProto)
                           (Some
                              (Binary.B754_finite
                                 (BinNums.Zpos
                                    (BinNums.xO
                                       (BinNums.xO
                                          (BinNums.xO (BinNums.xI BinNums.xH)))))
                                 (BinNums.Zpos
                                    (BinNums.xO
                                       (BinNums.xO
                                          (BinNums.xO
                                             (BinNums.xO
                                                (BinNums.xO
                                                 (BinNums.xO
                                                 (BinNums.xO BinNums.xH))))))))
                                 false
                                 (BinNums.xO
                                    (BinNums.xO
                                       (BinNums.xO
                                          (BinNums.xO
                                             (BinNums.xO
                                                (BinNums.xO
                                                 (BinNums.xO
                                                 (BinNums.xO
                                                 (BinNums.xO
                                                 (BinNums.xO
                                                 (BinNums.xO
                                                 (BinNums.xO
                                                 (BinNums.xO
                                                 (BinNums.xO (...)))))))))))))))
                                 (BinNums.Zneg
                                    (BinNums.xI
                                       (BinNums.xI
                                          (BinNums.xI (BinNums.xO BinNums.xH)))))
                                 (proj1
                                    (BinarySingleNaN.binary_round_correct
                                       (BinNums.Zpos
                                          (BinNums.xO
                                             (BinNums.xO
                                                (BinNums.xO
                                                 (BinNums.xI BinNums.xH)))))
                                       (BinNums.Zpos
                                          (BinNums.xO
                                             (BinNums.xO
                                                (BinNums.xO
                                                 (BinNums.xO
                                                 (BinNums.xO
                                                 (BinNums.xO
                                                 (BinNums.xO BinNums.xH))))))))
                                       eq_refl eq_refl
                                       BinarySingleNaN.mode_NE false
                                       BinNums.xH BinNums.Z0)))) None None
                           None None None nil nil nil nil nil nil
                         :: AttributeProto_constructor 
                              (Some """transB""") None None
                              (Some INT_AttributeProto) None
                              (Some
                                 (Byte.x00, Byte.x00, Byte.x00, Byte.x00,
                                 Byte.x00, Byte.x00, Byte.x00, Byte.x01))
                              None None None None nil nil nil nil nil nil
                            :: nil) None nil nil
                   :: NodeProto_constructor ("""input""" :: nil)
                        ("""onnx::Gemm_6""" :: nil) 
                        (Some """Relu_1""") (Some """Relu""") None None nil
                        None nil nil
                      :: NodeProto_constructor
                           ("""onnx::Gemm_6"""
                            :: """net.2.weight""" :: """net.2.bias""" :: nil)
                           ("""7""" :: nil) (Some """Gemm_2""")
                           (Some """Gemm""") None None
                           (AttributeProto_constructor 
                              (Some """alpha""") None None
                              (Some FLOAT_AttributeProto)
                              (Some
                                 (Binary.B754_finite
                                    (BinNums.Zpos
                                       (BinNums.xO
                                          (BinNums.xO
                                             (BinNums.xO
                                                (BinNums.xI BinNums.xH)))))
                                    (BinNums.Zpos
                                       (BinNums.xO
                                          (BinNums.xO
                                             (BinNums.xO
                                                (BinNums.xO
                                                 (BinNums.xO
                                                 (BinNums.xO
                                                 (BinNums.xO BinNums.xH))))))))
                                    false
                                    (BinNums.xO
                                       (BinNums.xO
                                          (BinNums.xO
                                             (BinNums.xO
                                                (BinNums.xO
                                                 (BinNums.xO
                                                 (BinNums.xO
                                                 (BinNums.xO
                                                 (BinNums.xO
                                                 (BinNums.xO
                                                 (BinNums.xO
                                                 (BinNums.xO
                                                 (BinNums.xO (BinNums.xO ...))))))))))))))
                                    (BinNums.Zneg
                                       (BinNums.xI
                                          (BinNums.xI
                                             (BinNums.xI
                                                (BinNums.xO BinNums.xH)))))
                                    (proj1
                                       (BinarySingleNaN.binary_round_correct
                                          (BinNums.Zpos
                                             (BinNums.xO
                                                (BinNums.xO
                                                 (BinNums.xO
                                                 (BinNums.xI BinNums.xH)))))
                                          (BinNums.Zpos
                                             (BinNums.xO
                                                (BinNums.xO
                                                 (BinNums.xO
                                                 (BinNums.xO
                                                 (BinNums.xO
                                                 (BinNums.xO
                                                 (BinNums.xO BinNums.xH))))))))
                                          eq_refl eq_refl
                                          BinarySingleNaN.mode_NE false
                                          BinNums.xH BinNums.Z0)))) None None
                              None None None nil nil nil nil nil nil
                            :: AttributeProto_constructor 
                                 (Some """beta""") None None
                                 (Some FLOAT_AttributeProto)
                                 (Some
                                    (Binary.B754_finite
                                       (BinNums.Zpos
                                          (BinNums.xO
                                             (BinNums.xO
                                                (BinNums.xO
                                                 (BinNums.xI BinNums.xH)))))
                                       (BinNums.Zpos
                                          (BinNums.xO
                                             (BinNums.xO
                                                (BinNums.xO
                                                 (BinNums.xO
                                                 (BinNums.xO
                                                 (BinNums.xO
                                                 (BinNums.xO BinNums.xH))))))))
                                       false
                                       (BinNums.xO
                                          (BinNums.xO
                                             (BinNums.xO
                                                (BinNums.xO
                                                 (BinNums.xO
                                                 (BinNums.xO
                                                 (BinNums.xO
                                                 (BinNums.xO
                                                 (BinNums.xO
                                                 (BinNums.xO
                                                 (BinNums.xO
                                                 (BinNums.xO
                                                 (BinNums.xO (...))))))))))))))
                                       (BinNums.Zneg
                                          (BinNums.xI
                                             (BinNums.xI
                                                (BinNums.xI
                                                 (BinNums.xO BinNums.xH)))))
                                       (proj1
                                          (BinarySingleNaN.binary_round_correct
                                             (BinNums.Zpos
                                                (BinNums.xO
                                                 (BinNums.xO
                                                 (BinNums.xO
                                                 (BinNums.xI BinNums.xH)))))
                                             (BinNums.Zpos
                                                (BinNums.xO
                                                 (BinNums.xO
                                                 (BinNums.xO
                                                 (BinNums.xO
                                                 (BinNums.xO
                                                 (BinNums.xO
                                                 (BinNums.xO BinNums.xH))))))))
                                             eq_refl eq_refl
                                             BinarySingleNaN.mode_NE false
                                             BinNums.xH BinNums.Z0)))) None
                                 None None None None nil nil nil nil nil nil
                               :: AttributeProto_constructor
                                    (Some """transB""") None None
                                    (Some INT_AttributeProto) None
                                    (Some
                                       (Byte.x00, Byte.x00, Byte.x00,
                                       Byte.x00, Byte.x00, Byte.x00,
                                       Byte.x00, Byte.x01)) None None None
                                    None nil nil nil nil nil nil :: nil) None
                           nil nil :: nil) (Some """torch-jit-export""")
                  (TensorProto_constructor
                     ((Byte.x00, Byte.x00, Byte.x00, Byte.x00, Byte.x00,
                      Byte.x00, Byte.x00, Byte.x04)
                      :: (Byte.x00, Byte.x00, Byte.x00, Byte.x00, Byte.x00,
                         Byte.x00, Byte.x00, Byte.x04) :: nil)
                     (Some (Byte.x00, Byte.x00, Byte.x00, Byte.x01)) None nil
                     nil nil nil (Some """net.0.weight""") None
                     (Some
                        (Byte.xe0
                         :: Byte.x9a
                            :: Byte.xa1
                               :: Byte.x3d
                                  :: Byte.x5b
                                     :: Byte.x3a
                                        :: Byte.xb7
                                           :: Byte.xbe
                                              :: Byte.x24
                                                 :: 
                                                 Byte.x85
                                                 :: 
                                                 Byte.xe8
                                                 :: 
                                                 Byte.xbf
                                                 :: 
                                                 Byte.xa6
                                                 :: 
                                                 Byte.x76
                                                 :: 
                                                 Byte.x8c
                                                 :: 
                                                 Byte.xbf
                                                 :: 
                                                 Byte.x8d
                                                 :: 
                                                 Byte.x3d
                                                 :: 
                                                 Byte.x44
                                                 :: 
                                                 Byte.xbe
                                                 :: 
                                                 Byte.x19
                                                 :: 
                                                 Byte.x7a
                                                 :: 
                                                 Byte.x59
                                                 :: 
                                                 Byte.xbe
                                                 :: 
                                                 Byte.x1d
                                                 :: 
                                                 Byte.x26
                                                 :: 
                                                 Byte.x1a
                                                 :: 
                                                 Byte.xbf
                                                 :: 
                                                 Byte.xe0
                                                 :: 
                                                 Byte.x21
                                                 :: 
                                                 Byte.x9d
                                                 :: 
                                                 Byte.xbd
                                                 :: 
                                                 Byte.x38 :: 
                                                 Byte.xa2 :: ...)) nil None
                     nil nil nil
                   :: TensorProto_constructor
                        ((Byte.x00, Byte.x00, Byte.x00, Byte.x00, Byte.x00,
                         Byte.x00, Byte.x00, Byte.x04) :: nil)
                        (Some (Byte.x00, Byte.x00, Byte.x00, Byte.x01)) None
                        nil nil nil nil (Some """net.0.bias""") None
                        (Some
                           (Byte.x87
                            :: Byte.xdb
                               :: Byte.x30
                                  :: Byte.x3f
                                     :: Byte.x62
                                        :: Byte.xf8
                                           :: Byte.x2d
                                              :: Byte.xbe
                                                 :: 
                                                 Byte.xdb
                                                 :: 
                                                 Byte.x88
                                                 :: 
                                                 Byte.xf8
                                                 :: 
                                                 Byte.xbd
                                                 :: 
                                                 Byte.xdf
                                                 :: 
                                                 Byte.x61
                                                 :: 
                                                 Byte.x1e :: 
                                                 Byte.x3f :: nil)) nil None
                        nil nil nil
                      :: TensorProto_constructor
                           ((Byte.x00, Byte.x00, Byte.x00, Byte.x00,
                            Byte.x00, Byte.x00, Byte.x00, Byte.x02)
                            :: (Byte.x00, Byte.x00, Byte.x00, Byte.x00,
                               Byte.x00, Byte.x00, Byte.x00, Byte.x04) :: nil)
                           (Some (Byte.x00, Byte.x00, Byte.x00, Byte.x01))
                           None nil nil nil nil (Some """net.2.weight""")
                           None
                           (Some
                              (Byte.xeb
                               :: Byte.x6e
                                  :: Byte.x83
                                     :: Byte.x3f
                                        :: Byte.x5d
                                           :: Byte.xcc
                                              :: Byte.xc8
                                                 :: 
                                                 Byte.x3e
                                                 :: 
                                                 Byte.x7b
                                                 :: 
                                                 Byte.x44
                                                 :: 
                                                 Byte.x25
                                                 :: 
                                                 Byte.xbd
                                                 :: 
                                                 Byte.x38
                                                 :: 
                                                 Byte.x20
                                                 :: 
                                                 Byte.x5c
                                                 :: 
                                                 Byte.xbf
                                                 :: 
                                                 Byte.x2a
                                                 :: 
                                                 Byte.x99
                                                 :: 
                                                 Byte.xcf
                                                 :: 
                                                 Byte.xbe
                                                 :: 
                                                 Byte.x6d
                                                 :: 
                                                 Byte.xd1
                                                 :: 
                                                 Byte.x6e
                                                 :: 
                                                 Byte.x3e
                                                 :: 
                                                 Byte.xb6
                                                 :: 
                                                 Byte.xe8
                                                 :: 
                                                 Byte.x62
                                                 :: 
                                                 Byte.x3e
                                                 :: 
                                                 Byte.xac
                                                 :: 
                                                 Byte.xc3
                                                 :: 
                                                 Byte.xb1 :: 
                                                 Byte.x3f :: nil)) nil None
                           nil nil nil
                         :: TensorProto_constructor
                              ((Byte.x00, Byte.x00, Byte.x00, Byte.x00,
                               Byte.x00, Byte.x00, Byte.x00, Byte.x02) :: nil)
                              (Some (Byte.x00, Byte.x00, Byte.x00, Byte.x01))
                              None nil nil nil nil 
                              (Some """net.2.bias""") None
                              (Some
                                 (Byte.x50
                                  :: Byte.x59
                                     :: Byte.x3d
                                        :: Byte.xbe
                                           :: Byte.xc3
                                              :: Byte.x4d
                                                 :: 
                                                 Byte.x18 :: 
                                                 Byte.xbf :: nil)) nil None
                              nil nil nil :: nil) nil None
                  (ValueInfoProto_constructor (Some """onnx::Gemm_0""")
                     (Some
                        (TypeProto_constructor
                           (Some
                              (tensor_type_value_TypeProto
                                 (Tensor_TypeProto_constructor
                                    (Some
                                       (Byte.x00, Byte.x00, Byte.x00,
                                       Byte.x01))
                                    (Some
                                       (TensorShapeProto_constructor
                                          (Dimension_TensorShapeProto_constructor
                                             (Some
                                                (dim_value_value_Dimension_TensorShapeProto
                                                 (Byte.x00, Byte.x00,
                                                 Byte.x00, Byte.x00,
                                                 Byte.x00, Byte.x00,
                                                 Byte.x00, Byte.x01))) None
                                           :: Dimension_TensorShapeProto_constructor
                                                (Some
                                                 (dim_value_value_Dimension_TensorShapeProto
                                                 (Byte.x00, Byte.x00,
                                                 Byte.x00, Byte.x00,
                                                 Byte.x00, Byte.x00,
                                                 Byte.x00, Byte.x04))) None
                                              :: nil)))))) None)) None nil
                   :: nil)
                  (ValueInfoProto_constructor (Some """7""")
                     (Some
                        (TypeProto_constructor
                           (Some
                              (tensor_type_value_TypeProto
                                 (Tensor_TypeProto_constructor
                                    (Some
                                       (Byte.x00, Byte.x00, Byte.x00,
                                       Byte.x01))
                                    (Some
                                       (TensorShapeProto_constructor
                                          (Dimension_TensorShapeProto_constructor
                                             (Some
                                                (dim_value_value_Dimension_TensorShapeProto
                                                 (Byte.x00, Byte.x00,
                                                 Byte.x00, Byte.x00,
                                                 Byte.x00, Byte.x00,
                                                 Byte.x00, Byte.x01))) None
                                           :: Dimension_TensorShapeProto_constructor
                                                (Some
                                                 (dim_value_value_Dimension_TensorShapeProto
                                                 (Byte.x00, Byte.x00,
                                                 Byte.x00, Byte.x00,
                                                 Byte.x00, Byte.x00,
                                                 Byte.x00, Byte.x02))) None
                                              :: nil)))))) None)) None nil
                   :: nil) nil nil nil)) nil nil nil nil)
     : error_option ModelProto
