# This is a log from running verify_on_dataset.ps1 that proves
# absence of deviations between ONNX semantics and onnxrunner

PS C:\_Prog\onnx-formalization\experiments> .\verify_on_dataset.ps1
Convert testmodel1, as found in file C:\_Prog\onnx-formalization\experiments\dataset\testmodel1.onnx
Convert from .onnx file to Rocq string...
converted successfully
Compile Rocq string...
Apply ONNX Converter...
Perform 100 input-output tests on Rocq instance...
Tested testmodel1 on 100 random inputs.
Both the ONNX Runtime and Rocq's ONNX Evaluator return the same results on every tested input.
The Formalization seems to be correct!
The Convertion from ONNX model to verification model is safe-by-design via proof of isomorphism!
Convert net to make it executable...
converted successfully
All done!
Convert testmodel10, as found in file C:\_Prog\onnx-formalization\experiments\dataset\testmodel10.onnx
Convert from .onnx file to Rocq string...
converted successfully
Compile Rocq string...
Apply ONNX Converter...
Perform 100 input-output tests on Rocq instance...
Tested testmodel10 on 100 random inputs.
Both the ONNX Runtime and Rocq's ONNX Evaluator return the same results on every tested input.
The Formalization seems to be correct!
The Convertion from ONNX model to verification model is safe-by-design via proof of isomorphism!
Convert net to make it executable...
converted successfully
All done!
Convert testmodel11, as found in file C:\_Prog\onnx-formalization\experiments\dataset\testmodel11.onnx
Convert from .onnx file to Rocq string...
converted successfully
Compile Rocq string...
Apply ONNX Converter...
Perform 100 input-output tests on Rocq instance...
Tested testmodel11 on 100 random inputs.
Both the ONNX Runtime and Rocq's ONNX Evaluator return the same results on every tested input.
The Formalization seems to be correct!
The Convertion from ONNX model to verification model is safe-by-design via proof of isomorphism!
Convert net to make it executable...
converted successfully
All done!
Convert testmodel12, as found in file C:\_Prog\onnx-formalization\experiments\dataset\testmodel12.onnx
Convert from .onnx file to Rocq string...
converted successfully
Compile Rocq string...
Apply ONNX Converter...
Perform 100 input-output tests on Rocq instance...
Tested testmodel12 on 100 random inputs.
Both the ONNX Runtime and Rocq's ONNX Evaluator return the same results on every tested input.
The Formalization seems to be correct!
The Convertion from ONNX model to verification model is safe-by-design via proof of isomorphism!
Convert net to make it executable...
converted successfully
All done!
Convert testmodel13, as found in file C:\_Prog\onnx-formalization\experiments\dataset\testmodel13.onnx
Convert from .onnx file to Rocq string...
converted successfully
Compile Rocq string...
Apply ONNX Converter...
Perform 100 input-output tests on Rocq instance...
Tested testmodel13 on 100 random inputs.
Both the ONNX Runtime and Rocq's ONNX Evaluator return the same results on every tested input.
The Formalization seems to be correct!
The Convertion from ONNX model to verification model is safe-by-design via proof of isomorphism!
Convert net to make it executable...
converted successfully
All done!
Convert testmodel14, as found in file C:\_Prog\onnx-formalization\experiments\dataset\testmodel14.onnx
Convert from .onnx file to Rocq string...
converted successfully
Compile Rocq string...
Apply ONNX Converter...
Perform 100 input-output tests on Rocq instance...
Tested testmodel14 on 100 random inputs.
Both the ONNX Runtime and Rocq's ONNX Evaluator return the same results on every tested input.
The Formalization seems to be correct!
The Convertion from ONNX model to verification model is safe-by-design via proof of isomorphism!
Convert net to make it executable...
converted successfully
All done!
Convert testmodel15, as found in file C:\_Prog\onnx-formalization\experiments\dataset\testmodel15.onnx
Convert from .onnx file to Rocq string...
converted successfully
Compile Rocq string...
Apply ONNX Converter...
Perform 100 input-output tests on Rocq instance...
Tested testmodel15 on 100 random inputs.
Both the ONNX Runtime and Rocq's ONNX Evaluator return the same results on every tested input.
The Formalization seems to be correct!
The Convertion from ONNX model to verification model is safe-by-design via proof of isomorphism!
Convert net to make it executable...
converted successfully
All done!
Convert testmodel2, as found in file C:\_Prog\onnx-formalization\experiments\dataset\testmodel2.onnx
Convert from .onnx file to Rocq string...
converted successfully
Compile Rocq string...
Apply ONNX Converter...
Perform 100 input-output tests on Rocq instance...
Tested testmodel2 on 100 random inputs.
Both the ONNX Runtime and Rocq's ONNX Evaluator return the same results on every tested input.
The Formalization seems to be correct!
The Convertion from ONNX model to verification model is safe-by-design via proof of isomorphism!
Convert net to make it executable...
converted successfully
All done!
Convert testmodel3, as found in file C:\_Prog\onnx-formalization\experiments\dataset\testmodel3.onnx
Convert from .onnx file to Rocq string...
converted successfully
Compile Rocq string...
Apply ONNX Converter...
Perform 100 input-output tests on Rocq instance...
Tested testmodel3 on 100 random inputs.
Both the ONNX Runtime and Rocq's ONNX Evaluator return the same results on every tested input.
The Formalization seems to be correct!
The Convertion from ONNX model to verification model is safe-by-design via proof of isomorphism!
Convert net to make it executable...
converted successfully
All done!
Convert testmodel4, as found in file C:\_Prog\onnx-formalization\experiments\dataset\testmodel4.onnx
Convert from .onnx file to Rocq string...
converted successfully
Compile Rocq string...
Apply ONNX Converter...
Perform 100 input-output tests on Rocq instance...
Tested testmodel4 on 100 random inputs.
Both the ONNX Runtime and Rocq's ONNX Evaluator return the same results on every tested input.
The Formalization seems to be correct!
The Convertion from ONNX model to verification model is safe-by-design via proof of isomorphism!
Convert net to make it executable...
converted successfully
All done!
Convert testmodel5, as found in file C:\_Prog\onnx-formalization\experiments\dataset\testmodel5.onnx
Convert from .onnx file to Rocq string...
converted successfully
Compile Rocq string...
Apply ONNX Converter...
Perform 100 input-output tests on Rocq instance...
Tested testmodel5 on 100 random inputs.
Both the ONNX Runtime and Rocq's ONNX Evaluator return the same results on every tested input.
The Formalization seems to be correct!
The Convertion from ONNX model to verification model is safe-by-design via proof of isomorphism!
Convert net to make it executable...
converted successfully
All done!
Convert testmodel6, as found in file C:\_Prog\onnx-formalization\experiments\dataset\testmodel6.onnx
Convert from .onnx file to Rocq string...
converted successfully
Compile Rocq string...
Apply ONNX Converter...
Perform 100 input-output tests on Rocq instance...
Tested testmodel6 on 100 random inputs.
Both the ONNX Runtime and Rocq's ONNX Evaluator return the same results on every tested input.
The Formalization seems to be correct!
The Convertion from ONNX model to verification model is safe-by-design via proof of isomorphism!
Convert net to make it executable...
converted successfully
All done!
Convert testmodel7, as found in file C:\_Prog\onnx-formalization\experiments\dataset\testmodel7.onnx
Convert from .onnx file to Rocq string...
converted successfully
Compile Rocq string...
Apply ONNX Converter...
Perform 100 input-output tests on Rocq instance...
Tested testmodel7 on 100 random inputs.
Both the ONNX Runtime and Rocq's ONNX Evaluator return the same results on every tested input.
The Formalization seems to be correct!
The Convertion from ONNX model to verification model is safe-by-design via proof of isomorphism!
Convert net to make it executable...
converted successfully
All done!
Convert testmodel8, as found in file C:\_Prog\onnx-formalization\experiments\dataset\testmodel8.onnx
Convert from .onnx file to Rocq string...
converted successfully
Compile Rocq string...
Apply ONNX Converter...
Perform 100 input-output tests on Rocq instance...
Tested testmodel8 on 100 random inputs.
Both the ONNX Runtime and Rocq's ONNX Evaluator return the same results on every tested input.
The Formalization seems to be correct!
The Convertion from ONNX model to verification model is safe-by-design via proof of isomorphism!
Convert net to make it executable...
converted successfully
All done!
Convert testmodel9, as found in file C:\_Prog\onnx-formalization\experiments\dataset\testmodel9.onnx
Convert from .onnx file to Rocq string...
converted successfully
Compile Rocq string...
Apply ONNX Converter...
Perform 100 input-output tests on Rocq instance...
Tested testmodel9 on 100 random inputs.
Both the ONNX Runtime and Rocq's ONNX Evaluator return the same results on every tested input.
The Formalization seems to be correct!
The Convertion from ONNX model to verification model is safe-by-design via proof of isomorphism!
Convert net to make it executable...
converted successfully
All done!